// Jest Snapshot v1, https://goo.gl/fbAQLP

exports[`Image upload correctly renders after relaunch 1`] = `
<section
  className="image-upload cssClass "
>
  <aside
    className="image-upload__preview-container"
  >
    <button
      className="image-upload__clear"
      onClick={[Function]}
      title="Clear"
    />
  </aside>
  <div
    className="image-upload__drop-zone"
    onBlur={[Function]}
    onClick={[Function]}
    onDragEnter={[Function]}
    onDragLeave={[Function]}
    onDragOver={[Function]}
    onDrop={[Function]}
    onFocus={[Function]}
    onKeyDown={[Function]}
    tabIndex={0}
  >
    <input
      accept="image/jpeg, image/png"
      autoComplete="off"
      multiple={false}
      onChange={[Function]}
      onClick={[Function]}
      style={
        Object {
          "display": "none",
        }
      }
      tabIndex={-1}
      type="file"
    />
    <div
      className="image-upload__text-container"
    >
      <p
        className="image-upload__text"
      >
        select an image file to upload or drag it here
      </p>
    </div>
  </div>
</section>
`;
